src/app/page.tsx(1,10): error TS2305: Module '"@/hooks/use-next-routing"' has no exported member 'redirect'.
src/components/pet-owners/layout/NavBar.tsx(68,39): error TS2769: No overload matches this call.
  Overload 1 of 2, '(props: Omit<FastOmit<Substitute<FastOmit<LinkProps & RefAttributes<HTMLAnchorElement>, never>, FastOmit<{}, never>>, keyof ExecutionProps> & FastOmit<...> & { ...; }, "style"> & { ...; }): Element', gave the following error.
    Type '{ children: Element[]; key: string; href: string; }' is not assignable to type 'IntrinsicAttributes & Omit<FastOmit<Substitute<FastOmit<LinkProps & RefAttributes<HTMLAnchorElement>, never>, FastOmit<...>>, keyof ExecutionProps> & FastOmit<...> & { ...; }, "style"> & { ...; }'.
      Property 'href' does not exist on type 'IntrinsicAttributes & Omit<FastOmit<Substitute<FastOmit<LinkProps & RefAttributes<HTMLAnchorElement>, never>, FastOmit<...>>, keyof ExecutionProps> & FastOmit<...> & { ...; }, "style"> & { ...; }'. Did you mean 'ref'?
  Overload 2 of 2, '(props: FastOmit<LinkProps & RefAttributes<HTMLAnchorElement>, never>): ReactNode', gave the following error.
    Type '{ children: Element[]; key: string; href: string; }' is not assignable to type 'IntrinsicAttributes & FastOmit<LinkProps & RefAttributes<HTMLAnchorElement>, never>'.
      Property 'href' does not exist on type 'IntrinsicAttributes & FastOmit<LinkProps & RefAttributes<HTMLAnchorElement>, never>'. Did you mean 'ref'?
src/components/pet-owners/layout/NavBar.tsx(75,19): error TS2322: Type '{ src: string; alt: string; fill: true; sizes: string; objectFit: string; }' is not assignable to type 'IntrinsicAttributes & ImgHTMLAttributes<HTMLImageElement> & { fill?: boolean | undefined; priority?: boolean | undefined; quality?: number | undefined; }'.
  Property 'objectFit' does not exist on type 'IntrinsicAttributes & ImgHTMLAttributes<HTMLImageElement> & { fill?: boolean | undefined; priority?: boolean | undefined; quality?: number | undefined; }'.
src/components/pet-owners/MainPage/HomePage/HomePage.tsx(100,45): error TS2554: Expected 1 arguments, but got 2.
src/components/pet-owners/MainPage/HomePage/HomePage.tsx(149,44): error TS2554: Expected 1 arguments, but got 2.
src/components/pet-owners/MainPage/HomePage/HomePage.tsx(169,44): error TS2554: Expected 1 arguments, but got 2.
src/components/pet-owners/MainPage/MedicationPage/MedicationPage.tsx(147,42): error TS2554: Expected 1 arguments, but got 2.
src/components/pet-owners/MainPage/MedicationPage/MedicationPage.tsx(159,42): error TS2554: Expected 1 arguments, but got 2.
src/components/pet-owners/MainPage/MedicationPage/MedicationPage.tsx(187,42): error TS2554: Expected 1 arguments, but got 2.
src/components/pet-owners/MainPage/MedicationPage/MedicationPage.tsx(207,44): error TS2554: Expected 1 arguments, but got 2.
src/components/pet-owners/MainPage/MedicationPage/MedicationPage.tsx(223,44): error TS2554: Expected 1 arguments, but got 2.
src/components/pet-owners/MainPage/MedicationPage/MedicationPage.tsx(244,44): error TS2554: Expected 1 arguments, but got 2.
src/components/shared/ImageUpload.tsx(91,21): error TS2322: Type '{ alt: string; src: string; fill: true; className: string; unoptimized: true; }' is not assignable to type 'IntrinsicAttributes & ImgHTMLAttributes<HTMLImageElement> & { fill?: boolean | undefined; priority?: boolean | undefined; quality?: number | undefined; }'.
  Property 'unoptimized' does not exist on type 'IntrinsicAttributes & ImgHTMLAttributes<HTMLImageElement> & { fill?: boolean | undefined; priority?: boolean | undefined; quality?: number | undefined; }'.
src/lib/api-proxy.ts(1,43): error TS2307: Cannot find module 'next/server' or its corresponding type declarations.
src/lib/registry.tsx(4,10): error TS2305: Module '"@/hooks/use-next-routing"' has no exported member 'useServerInsertedHTML'.
src/middleware.ts(1,43): error TS2307: Cannot find module 'next/server' or its corresponding type declarations.
